// Jest Snapshot v1, https://goo.gl/fbAQLP

exports[`should not change 1`] = `
<footer>
  <input
    className="search"
    placeholder="Search for teas, venues"
    type="text"
  />
  <nav>
    <ul>
      <li
        className="selected"
      >
        <a
          href="/"
          onClick={[Function]}
        >
          Home
        </a>
      </li>
      <li>
        <a
          href="/checkin"
          onClick={[Function]}
        >
          Checkin
        </a>
      </li>
    </ul>
  </nav>
</footer>
`;
