// Jest Snapshot v1, https://goo.gl/fbAQLP

exports[`snapshots should not change 1`] = `
<div
  className="star-rating"
>
  <button
    className="star-rating-clear"
    onClick={[Function]}
  >
    Clear
  </button>
  <label>
    <svg
      height="45"
      width="50"
      xmlns="http://www.w3.org/2000/svg"
    >
      <title>
        Five Pointed Star
      </title>
      <path
        d="m25,1 6,17h18l-14,11 5,17-15-10-15,10 5-17-14-11h18z"
        fill="none"
        stroke="black"
      />
      <div
        xmlns="http://www.w3.org/1999/xhtml"
      />
    </svg>
    <input
      checked={false}
      name="selected-rating"
      onChange={[Function]}
      type="radio"
    />
  </label>
  <label>
    <svg
      height="45"
      width="50"
      xmlns="http://www.w3.org/2000/svg"
    >
      <title>
        Five Pointed Star
      </title>
      <path
        d="m25,1 6,17h18l-14,11 5,17-15-10-15,10 5-17-14-11h18z"
        fill="none"
        stroke="black"
      />
      <div
        xmlns="http://www.w3.org/1999/xhtml"
      />
    </svg>
    <input
      checked={false}
      name="selected-rating"
      onChange={[Function]}
      type="radio"
    />
  </label>
  <label>
    <svg
      height="45"
      width="50"
      xmlns="http://www.w3.org/2000/svg"
    >
      <title>
        Five Pointed Star
      </title>
      <path
        d="m25,1 6,17h18l-14,11 5,17-15-10-15,10 5-17-14-11h18z"
        fill="none"
        stroke="black"
      />
      <div
        xmlns="http://www.w3.org/1999/xhtml"
      />
    </svg>
    <input
      checked={false}
      name="selected-rating"
      onChange={[Function]}
      type="radio"
    />
  </label>
  <label>
    <svg
      height="45"
      width="50"
      xmlns="http://www.w3.org/2000/svg"
    >
      <title>
        Five Pointed Star
      </title>
      <path
        d="m25,1 6,17h18l-14,11 5,17-15-10-15,10 5-17-14-11h18z"
        fill="none"
        stroke="black"
      />
      <div
        xmlns="http://www.w3.org/1999/xhtml"
      />
    </svg>
    <input
      checked={false}
      name="selected-rating"
      onChange={[Function]}
      type="radio"
    />
  </label>
  <label>
    <svg
      height="45"
      width="50"
      xmlns="http://www.w3.org/2000/svg"
    >
      <title>
        Five Pointed Star
      </title>
      <path
        d="m25,1 6,17h18l-14,11 5,17-15-10-15,10 5-17-14-11h18z"
        fill="none"
        stroke="black"
      />
      <div
        xmlns="http://www.w3.org/1999/xhtml"
      />
    </svg>
    <input
      checked={false}
      name="selected-rating"
      onChange={[Function]}
      type="radio"
    />
  </label>
</div>
`;

exports[`snapshots should not change 2`] = `
<div
  className="star-rating"
>
  <button
    className="star-rating-clear"
    onClick={[Function]}
  >
    Clear
  </button>
  <label>
    <svg
      height="45"
      width="50"
      xmlns="http://www.w3.org/2000/svg"
    >
      <title>
        Five Pointed Star
      </title>
      <path
        d="m25,1 6,17h18l-14,11 5,17-15-10-15,10 5-17-14-11h18z"
        fill="none"
        stroke="black"
      />
      <div
        xmlns="http://www.w3.org/1999/xhtml"
      />
    </svg>
    <input
      checked={false}
      name="selected-rating"
      onChange={[Function]}
      type="radio"
    />
  </label>
  <label>
    <svg
      height="45"
      width="50"
      xmlns="http://www.w3.org/2000/svg"
    >
      <title>
        Five Pointed Star
      </title>
      <path
        d="m25,1 6,17h18l-14,11 5,17-15-10-15,10 5-17-14-11h18z"
        fill="none"
        stroke="black"
      />
      <div
        xmlns="http://www.w3.org/1999/xhtml"
      />
    </svg>
    <input
      checked={false}
      name="selected-rating"
      onChange={[Function]}
      type="radio"
    />
  </label>
  <label>
    <svg
      height="45"
      width="50"
      xmlns="http://www.w3.org/2000/svg"
    >
      <title>
        Five Pointed Star
      </title>
      <path
        d="m25,1 6,17h18l-14,11 5,17-15-10-15,10 5-17-14-11h18z"
        fill="none"
        stroke="black"
      />
      <div
        xmlns="http://www.w3.org/1999/xhtml"
      />
    </svg>
    <input
      checked={false}
      name="selected-rating"
      onChange={[Function]}
      type="radio"
    />
  </label>
  <label>
    <svg
      height="45"
      width="50"
      xmlns="http://www.w3.org/2000/svg"
    >
      <title>
        Five Pointed Star
      </title>
      <path
        d="m25,1 6,17h18l-14,11 5,17-15-10-15,10 5-17-14-11h18z"
        fill="none"
        stroke="black"
      />
      <div
        xmlns="http://www.w3.org/1999/xhtml"
      />
    </svg>
    <input
      checked={false}
      name="selected-rating"
      onChange={[Function]}
      type="radio"
    />
  </label>
  <label>
    <svg
      height="45"
      width="50"
      xmlns="http://www.w3.org/2000/svg"
    >
      <title>
        Five Pointed Star
      </title>
      <path
        d="m25,1 6,17h18l-14,11 5,17-15-10-15,10 5-17-14-11h18z"
        fill="none"
        stroke="black"
      />
      <div
        xmlns="http://www.w3.org/1999/xhtml"
      />
    </svg>
    <input
      checked={false}
      name="selected-rating"
      onChange={[Function]}
      type="radio"
    />
  </label>
</div>
`;

exports[`snapshots should not change 3`] = `
<div
  className="star-rating"
>
  <button
    className="star-rating-clear"
    onClick={[Function]}
  >
    Clear
  </button>
  <label>
    <svg
      height="45"
      width="50"
      xmlns="http://www.w3.org/2000/svg"
    >
      <title>
        Five Pointed Star
      </title>
      <path
        d="m25,1 6,17h18l-14,11 5,17-15-10-15,10 5-17-14-11h18z"
        fill="gold"
        stroke="black"
      />
      <div
        xmlns="http://www.w3.org/1999/xhtml"
      />
    </svg>
    <input
      checked={true}
      name="selected-rating"
      onChange={[Function]}
      type="radio"
    />
  </label>
  <label>
    <svg
      height="45"
      width="50"
      xmlns="http://www.w3.org/2000/svg"
    >
      <title>
        Five Pointed Star
      </title>
      <path
        d="m25,1 6,17h18l-14,11 5,17-15-10-15,10 5-17-14-11h18z"
        fill="lightgrey"
        stroke="black"
      />
      <div
        xmlns="http://www.w3.org/1999/xhtml"
      />
    </svg>
    <input
      checked={false}
      name="selected-rating"
      onChange={[Function]}
      type="radio"
    />
  </label>
  <label>
    <svg
      height="45"
      width="50"
      xmlns="http://www.w3.org/2000/svg"
    >
      <title>
        Five Pointed Star
      </title>
      <path
        d="m25,1 6,17h18l-14,11 5,17-15-10-15,10 5-17-14-11h18z"
        fill="lightgrey"
        stroke="black"
      />
      <div
        xmlns="http://www.w3.org/1999/xhtml"
      />
    </svg>
    <input
      checked={false}
      name="selected-rating"
      onChange={[Function]}
      type="radio"
    />
  </label>
  <label>
    <svg
      height="45"
      width="50"
      xmlns="http://www.w3.org/2000/svg"
    >
      <title>
        Five Pointed Star
      </title>
      <path
        d="m25,1 6,17h18l-14,11 5,17-15-10-15,10 5-17-14-11h18z"
        fill="lightgrey"
        stroke="black"
      />
      <div
        xmlns="http://www.w3.org/1999/xhtml"
      />
    </svg>
    <input
      checked={false}
      name="selected-rating"
      onChange={[Function]}
      type="radio"
    />
  </label>
  <label>
    <svg
      height="45"
      width="50"
      xmlns="http://www.w3.org/2000/svg"
    >
      <title>
        Five Pointed Star
      </title>
      <path
        d="m25,1 6,17h18l-14,11 5,17-15-10-15,10 5-17-14-11h18z"
        fill="lightgrey"
        stroke="black"
      />
      <div
        xmlns="http://www.w3.org/1999/xhtml"
      />
    </svg>
    <input
      checked={false}
      name="selected-rating"
      onChange={[Function]}
      type="radio"
    />
  </label>
</div>
`;

exports[`snapshots should not change 4`] = `
<div
  className="star-rating"
>
  <button
    className="star-rating-clear"
    onClick={[Function]}
  >
    Clear
  </button>
  <label>
    <svg
      height="45"
      width="50"
      xmlns="http://www.w3.org/2000/svg"
    >
      <title>
        Five Pointed Star
      </title>
      <path
        d="m25,1 6,17h18l-14,11 5,17-15-10-15,10 5-17-14-11h18z"
        fill="gold"
        stroke="black"
      />
      <div
        xmlns="http://www.w3.org/1999/xhtml"
      />
    </svg>
    <input
      checked={false}
      name="selected-rating"
      onChange={[Function]}
      type="radio"
    />
  </label>
  <label>
    <svg
      height="45"
      width="50"
      xmlns="http://www.w3.org/2000/svg"
    >
      <title>
        Five Pointed Star
      </title>
      <path
        d="m25,1 6,17h18l-14,11 5,17-15-10-15,10 5-17-14-11h18z"
        fill="gold"
        stroke="black"
      />
      <div
        xmlns="http://www.w3.org/1999/xhtml"
      />
    </svg>
    <input
      checked={true}
      name="selected-rating"
      onChange={[Function]}
      type="radio"
    />
  </label>
  <label>
    <svg
      height="45"
      width="50"
      xmlns="http://www.w3.org/2000/svg"
    >
      <title>
        Five Pointed Star
      </title>
      <path
        d="m25,1 6,17h18l-14,11 5,17-15-10-15,10 5-17-14-11h18z"
        fill="lightgrey"
        stroke="black"
      />
      <div
        xmlns="http://www.w3.org/1999/xhtml"
      />
    </svg>
    <input
      checked={false}
      name="selected-rating"
      onChange={[Function]}
      type="radio"
    />
  </label>
  <label>
    <svg
      height="45"
      width="50"
      xmlns="http://www.w3.org/2000/svg"
    >
      <title>
        Five Pointed Star
      </title>
      <path
        d="m25,1 6,17h18l-14,11 5,17-15-10-15,10 5-17-14-11h18z"
        fill="lightgrey"
        stroke="black"
      />
      <div
        xmlns="http://www.w3.org/1999/xhtml"
      />
    </svg>
    <input
      checked={false}
      name="selected-rating"
      onChange={[Function]}
      type="radio"
    />
  </label>
  <label>
    <svg
      height="45"
      width="50"
      xmlns="http://www.w3.org/2000/svg"
    >
      <title>
        Five Pointed Star
      </title>
      <path
        d="m25,1 6,17h18l-14,11 5,17-15-10-15,10 5-17-14-11h18z"
        fill="lightgrey"
        stroke="black"
      />
      <div
        xmlns="http://www.w3.org/1999/xhtml"
      />
    </svg>
    <input
      checked={false}
      name="selected-rating"
      onChange={[Function]}
      type="radio"
    />
  </label>
</div>
`;

exports[`snapshots should not change 5`] = `
<div
  className="star-rating"
>
  <button
    className="star-rating-clear"
    onClick={[Function]}
  >
    Clear
  </button>
  <label>
    <svg
      height="45"
      width="50"
      xmlns="http://www.w3.org/2000/svg"
    >
      <title>
        Five Pointed Star
      </title>
      <path
        d="m25,1 6,17h18l-14,11 5,17-15-10-15,10 5-17-14-11h18z"
        fill="gold"
        stroke="black"
      />
      <div
        xmlns="http://www.w3.org/1999/xhtml"
      />
    </svg>
    <input
      checked={false}
      name="selected-rating"
      onChange={[Function]}
      type="radio"
    />
  </label>
  <label>
    <svg
      height="45"
      width="50"
      xmlns="http://www.w3.org/2000/svg"
    >
      <title>
        Five Pointed Star
      </title>
      <path
        d="m25,1 6,17h18l-14,11 5,17-15-10-15,10 5-17-14-11h18z"
        fill="gold"
        stroke="black"
      />
      <div
        xmlns="http://www.w3.org/1999/xhtml"
      />
    </svg>
    <input
      checked={false}
      name="selected-rating"
      onChange={[Function]}
      type="radio"
    />
  </label>
  <label>
    <svg
      height="45"
      width="50"
      xmlns="http://www.w3.org/2000/svg"
    >
      <title>
        Five Pointed Star
      </title>
      <path
        d="m25,1 6,17h18l-14,11 5,17-15-10-15,10 5-17-14-11h18z"
        fill="gold"
        stroke="black"
      />
      <div
        xmlns="http://www.w3.org/1999/xhtml"
      />
    </svg>
    <input
      checked={true}
      name="selected-rating"
      onChange={[Function]}
      type="radio"
    />
  </label>
  <label>
    <svg
      height="45"
      width="50"
      xmlns="http://www.w3.org/2000/svg"
    >
      <title>
        Five Pointed Star
      </title>
      <path
        d="m25,1 6,17h18l-14,11 5,17-15-10-15,10 5-17-14-11h18z"
        fill="lightgrey"
        stroke="black"
      />
      <div
        xmlns="http://www.w3.org/1999/xhtml"
      />
    </svg>
    <input
      checked={false}
      name="selected-rating"
      onChange={[Function]}
      type="radio"
    />
  </label>
  <label>
    <svg
      height="45"
      width="50"
      xmlns="http://www.w3.org/2000/svg"
    >
      <title>
        Five Pointed Star
      </title>
      <path
        d="m25,1 6,17h18l-14,11 5,17-15-10-15,10 5-17-14-11h18z"
        fill="lightgrey"
        stroke="black"
      />
      <div
        xmlns="http://www.w3.org/1999/xhtml"
      />
    </svg>
    <input
      checked={false}
      name="selected-rating"
      onChange={[Function]}
      type="radio"
    />
  </label>
</div>
`;

exports[`snapshots should not change 6`] = `
<div
  className="star-rating"
>
  <button
    className="star-rating-clear"
    onClick={[Function]}
  >
    Clear
  </button>
  <label>
    <svg
      height="45"
      width="50"
      xmlns="http://www.w3.org/2000/svg"
    >
      <title>
        Five Pointed Star
      </title>
      <path
        d="m25,1 6,17h18l-14,11 5,17-15-10-15,10 5-17-14-11h18z"
        fill="gold"
        stroke="black"
      />
      <div
        xmlns="http://www.w3.org/1999/xhtml"
      />
    </svg>
    <input
      checked={false}
      name="selected-rating"
      onChange={[Function]}
      type="radio"
    />
  </label>
  <label>
    <svg
      height="45"
      width="50"
      xmlns="http://www.w3.org/2000/svg"
    >
      <title>
        Five Pointed Star
      </title>
      <path
        d="m25,1 6,17h18l-14,11 5,17-15-10-15,10 5-17-14-11h18z"
        fill="gold"
        stroke="black"
      />
      <div
        xmlns="http://www.w3.org/1999/xhtml"
      />
    </svg>
    <input
      checked={false}
      name="selected-rating"
      onChange={[Function]}
      type="radio"
    />
  </label>
  <label>
    <svg
      height="45"
      width="50"
      xmlns="http://www.w3.org/2000/svg"
    >
      <title>
        Five Pointed Star
      </title>
      <path
        d="m25,1 6,17h18l-14,11 5,17-15-10-15,10 5-17-14-11h18z"
        fill="gold"
        stroke="black"
      />
      <div
        xmlns="http://www.w3.org/1999/xhtml"
      />
    </svg>
    <input
      checked={false}
      name="selected-rating"
      onChange={[Function]}
      type="radio"
    />
  </label>
  <label>
    <svg
      height="45"
      width="50"
      xmlns="http://www.w3.org/2000/svg"
    >
      <title>
        Five Pointed Star
      </title>
      <path
        d="m25,1 6,17h18l-14,11 5,17-15-10-15,10 5-17-14-11h18z"
        fill="gold"
        stroke="black"
      />
      <div
        xmlns="http://www.w3.org/1999/xhtml"
      />
    </svg>
    <input
      checked={true}
      name="selected-rating"
      onChange={[Function]}
      type="radio"
    />
  </label>
  <label>
    <svg
      height="45"
      width="50"
      xmlns="http://www.w3.org/2000/svg"
    >
      <title>
        Five Pointed Star
      </title>
      <path
        d="m25,1 6,17h18l-14,11 5,17-15-10-15,10 5-17-14-11h18z"
        fill="lightgrey"
        stroke="black"
      />
      <div
        xmlns="http://www.w3.org/1999/xhtml"
      />
    </svg>
    <input
      checked={false}
      name="selected-rating"
      onChange={[Function]}
      type="radio"
    />
  </label>
</div>
`;

exports[`snapshots should not change 7`] = `
<div
  className="star-rating"
>
  <button
    className="star-rating-clear"
    onClick={[Function]}
  >
    Clear
  </button>
  <label>
    <svg
      height="45"
      width="50"
      xmlns="http://www.w3.org/2000/svg"
    >
      <title>
        Five Pointed Star
      </title>
      <path
        d="m25,1 6,17h18l-14,11 5,17-15-10-15,10 5-17-14-11h18z"
        fill="gold"
        stroke="black"
      />
      <div
        xmlns="http://www.w3.org/1999/xhtml"
      />
    </svg>
    <input
      checked={false}
      name="selected-rating"
      onChange={[Function]}
      type="radio"
    />
  </label>
  <label>
    <svg
      height="45"
      width="50"
      xmlns="http://www.w3.org/2000/svg"
    >
      <title>
        Five Pointed Star
      </title>
      <path
        d="m25,1 6,17h18l-14,11 5,17-15-10-15,10 5-17-14-11h18z"
        fill="gold"
        stroke="black"
      />
      <div
        xmlns="http://www.w3.org/1999/xhtml"
      />
    </svg>
    <input
      checked={false}
      name="selected-rating"
      onChange={[Function]}
      type="radio"
    />
  </label>
  <label>
    <svg
      height="45"
      width="50"
      xmlns="http://www.w3.org/2000/svg"
    >
      <title>
        Five Pointed Star
      </title>
      <path
        d="m25,1 6,17h18l-14,11 5,17-15-10-15,10 5-17-14-11h18z"
        fill="gold"
        stroke="black"
      />
      <div
        xmlns="http://www.w3.org/1999/xhtml"
      />
    </svg>
    <input
      checked={false}
      name="selected-rating"
      onChange={[Function]}
      type="radio"
    />
  </label>
  <label>
    <svg
      height="45"
      width="50"
      xmlns="http://www.w3.org/2000/svg"
    >
      <title>
        Five Pointed Star
      </title>
      <path
        d="m25,1 6,17h18l-14,11 5,17-15-10-15,10 5-17-14-11h18z"
        fill="gold"
        stroke="black"
      />
      <div
        xmlns="http://www.w3.org/1999/xhtml"
      />
    </svg>
    <input
      checked={false}
      name="selected-rating"
      onChange={[Function]}
      type="radio"
    />
  </label>
  <label>
    <svg
      height="45"
      width="50"
      xmlns="http://www.w3.org/2000/svg"
    >
      <title>
        Five Pointed Star
      </title>
      <path
        d="m25,1 6,17h18l-14,11 5,17-15-10-15,10 5-17-14-11h18z"
        fill="gold"
        stroke="black"
      />
      <div
        xmlns="http://www.w3.org/1999/xhtml"
      />
    </svg>
    <input
      checked={true}
      name="selected-rating"
      onChange={[Function]}
      type="radio"
    />
  </label>
</div>
`;
